[0m11:16:41.843701 [debug] [MainThread]: Sending event: {'category': 'dbt', 'action': 'invocation', 'label': 'start', 'context': [<snowplow_tracker.self_describing_json.SelfDescribingJson object at 0x104cd1010>, <snowplow_tracker.self_describing_json.SelfDescribingJson object at 0x104f04e30>, <snowplow_tracker.self_describing_json.SelfDescribingJson object at 0x104f04bf0>]}


============================== 11:16:41.845777 | 7b013137-af60-45ab-ac64-32e02ffb57d9 ==============================
[0m11:16:41.845777 [info ] [MainThread]: Running with dbt=1.12.5
[0m11:16:41.845988 [debug] [MainThread]: running dbt with arguments {'debug': 'False', 'indirect_selection': 'eager', 'write_json': 'True', 'partial_parse': 'True', 'warn_error': 'None', 'maximum_seed_size_mib': '1', 'log_format': 'default', 'no_print': 'None', 'use_colors': 'True', 'static_parser': 'True', 'hints_enabled': 'True', 'warn_error_options': 'WarnErrorOptionsV2(error=[], warn=[], silence=[])', 'empty': 'None', 'fail_fast': 'False', 'use_experimental_parser': 'False', 'log_cache_events': 'False', 'log_path': 'logs', 'profiles_dir': '/Users/markynsailamar/.dbt', 'introspect': 'True', 'version_check': 'True', 'printer_width': '80', 'quiet': 'False', 'target_path': 'None', 'send_anonymous_usage_stats': 'True', 'cache_selected_only': 'False', 'invocation_command': 'dbt init ipeds_dbt'}
[0m11:16:41.853043 [info ] [MainThread]: Creating dbt configuration folder at /Users/markynsailamar/.dbt
[0m11:16:41.853674 [debug] [MainThread]: Starter project path: /Users/markynsailamar/Documents/ipeds-project/.venv/lib/python3.12/site-packages/dbt/include/starter_project
[0m11:16:41.855924 [info ] [MainThread]: Setting up your profile.
[0m11:18:14.466661 [info ] [MainThread]: Profile ipeds_dbt written to /Users/markynsailamar/.dbt/profiles.yml using target's sample configuration. Once updated, you'll be able to start developing with dbt.
[0m11:18:14.467961 [info ] [MainThread]: Running dbt debug to validate the project...
[0m11:18:14.468458 [info ] [MainThread]: dbt version: 1.12.5
[0m11:18:14.468545 [info ] [MainThread]: python version: 3.12.10
[0m11:18:14.468615 [info ] [MainThread]: python path: /Users/markynsailamar/Documents/ipeds-project/.venv/bin/python3.12
[0m11:18:14.468692 [info ] [MainThread]: os info: macOS-26.6.2-arm64-arm-64bit
[0m11:18:14.484615 [info ] [MainThread]: Using profiles dir at /Users/markynsailamar/.dbt
[0m11:18:14.484746 [info ] [MainThread]: Using profiles.yml file at /Users/markynsailamar/.dbt/profiles.yml
[0m11:18:14.484834 [info ] [MainThread]: Using dbt_project.yml file at /Users/markynsailamar/Documents/ipeds-project/ipeds_dbt/dbt_project.yml
[0m11:18:14.485747 [info ] [MainThread]: adapter type: duckdb
[0m11:18:14.485832 [info ] [MainThread]: adapter version: 1.11.0
[0m11:18:14.516354 [info ] [MainThread]: Configuration:
[0m11:18:14.516525 [info ] [MainThread]:   profiles.yml file [[32mOK found and valid[0m]
[0m11:18:14.516608 [info ] [MainThread]:   dbt_project.yml file [[32mOK found and valid[0m]
[0m11:18:14.516684 [info ] [MainThread]: Required dependencies:
[0m11:18:14.516813 [debug] [MainThread]: Executing "git --help"
[0m11:18:14.535982 [debug] [MainThread]: STDOUT: "b"usage: git [-v | --version] [-h | --help] [-C <path>] [-c <name>=<value>]\n           [--exec-path[=<path>]] [--html-path] [--man-path] [--info-path]\n           [-p | --paginate | -P | --no-pager] [--no-replace-objects] [--no-lazy-fetch]\n           [--no-optional-locks] [--no-advice] [--bare] [--git-dir=<path>]\n           [--work-tree=<path>] [--namespace=<name>] [--config-env=<name>=<envvar>]\n           <command> [<args>]\n\nThese are common Git commands used in various situations:\n\nstart a working area (see also: git help tutorial)\n   clone      Clone a repository into a new directory\n   init       Create an empty Git repository or reinitialize an existing one\n\nwork on the current change (see also: git help everyday)\n   add        Add file contents to the index\n   mv         Move or rename a file, a directory, or a symlink\n   restore    Restore working tree files\n   rm         Remove files from the working tree and from the index\n\nexamine the history and state (see also: git help revisions)\n   bisect     Use binary search to find the commit that introduced a bug\n   diff       Show changes between commits, commit and working tree, etc\n   grep       Print lines matching a pattern\n   log        Show commit logs\n   show       Show various types of objects\n   status     Show the working tree status\n\ngrow, mark and tweak your common history\n   backfill   Download missing objects in a partial clone\n   branch     List, create, or delete branches\n   commit     Record changes to the repository\n   history    EXPERIMENTAL: Rewrite history\n   merge      Join two or more development histories together\n   rebase     Reapply commits on top of another base tip\n   reset      Set `HEAD` or the index to a known state\n   switch     Switch branches\n   tag        Create, list, delete or verify tags\n\ncollaborate (see also: git help workflows)\n   fetch      Download objects and refs from another repository\n   pull       Fetch from and integrate with another repository or a local branch\n   push       Update remote refs along with associated objects\n\n'git help -a' and 'git help -g' list available subcommands and some\nconcept guides. See 'git help <command>' or 'git help <concept>'\nto read about a specific subcommand or concept.\nSee 'git help git' for an overview of the system.\n""
[0m11:18:14.536267 [debug] [MainThread]: STDERR: "b''"
[0m11:18:14.536380 [info ] [MainThread]:  - git [[32mOK found[0m]

[0m11:18:14.536463 [info ] [MainThread]: Connection:
[0m11:18:14.536548 [info ] [MainThread]:   database: dev
[0m11:18:14.536616 [info ] [MainThread]:   schema: main
[0m11:18:14.536688 [info ] [MainThread]:   path: dev.duckdb
[0m11:18:14.536751 [info ] [MainThread]:   config_options: None
[0m11:18:14.536808 [info ] [MainThread]:   extensions: None
[0m11:18:14.536867 [info ] [MainThread]:   settings: {}
[0m11:18:14.536924 [info ] [MainThread]:   external_root: .
[0m11:18:14.536981 [info ] [MainThread]:   use_credential_provider: None
[0m11:18:14.537037 [info ] [MainThread]:   attach: None
[0m11:18:14.537093 [info ] [MainThread]:   filesystems: None
[0m11:18:14.537148 [info ] [MainThread]:   remote: None
[0m11:18:14.537203 [info ] [MainThread]:   plugins: None
[0m11:18:14.537260 [info ] [MainThread]:   disable_transactions: False
[0m11:18:14.537465 [info ] [MainThread]: Registered adapter: duckdb=1.11.0
[0m11:18:14.575622 [debug] [MainThread]: Acquiring new duckdb connection 'debug'
[0m11:18:14.592994 [debug] [MainThread]: Using duckdb connection "debug"
[0m11:18:14.593116 [debug] [MainThread]: On debug: select 1 as id
[0m11:18:14.593191 [debug] [MainThread]: Opening a new connection, currently in state init
[0m11:18:14.599905 [debug] [MainThread]: SQL status: OK in 0.007 seconds
[0m11:18:14.600215 [debug] [MainThread]: On debug: Close
[0m11:18:14.600511 [info ] [MainThread]:   Connection test: [[32mOK connection ok[0m]

[0m11:18:14.600610 [info ] [MainThread]: [32mAll checks passed![0m
[0m11:18:14.600739 [info ] [MainThread]: Your new dbt project "ipeds_dbt" was created!
Initialized new project in /Users/markynsailamar/Documents/ipeds-project/ipeds_dbt/ipeds_dbt

For more information on how to configure the profiles.yml file,
please consult the dbt documentation here:

  https://docs.getdbt.com/docs/configure-your-profile

One more thing:

Need help? Don't hesitate to reach out to us via GitHub issues or on Slack:

  https://community.getdbt.com/

Happy modeling!

[0m11:18:14.622936 [debug] [MainThread]: Resource report: {"command_name": "init", "command_success": true, "command_wall_clock_time": 92.82263, "process_in_blocks": "0", "process_kernel_time": 0.153204, "process_mem_max_rss": "116867072", "process_out_blocks": "0", "process_user_time": 0.575185}
[0m11:18:14.623181 [debug] [MainThread]: Command `dbt init` succeeded at 11:18:14.623127 after 92.82 seconds
[0m11:18:14.623308 [debug] [MainThread]: Connection 'debug' was properly closed.
[0m11:18:14.623437 [debug] [MainThread]: Sending event: {'category': 'dbt', 'action': 'invocation', 'label': 'end', 'context': [<snowplow_tracker.self_describing_json.SelfDescribingJson object at 0x104f04b90>, <snowplow_tracker.self_describing_json.SelfDescribingJson object at 0x10510b6e0>, <snowplow_tracker.self_describing_json.SelfDescribingJson object at 0x103db6540>]}
[0m11:18:14.623579 [debug] [MainThread]: Flushing usage events
[0m11:18:15.134938 [debug] [MainThread]: An error was encountered while trying to flush usage events
